// Jest Snapshot v1, https://goo.gl/fbAQLP

exports[`renders correctly 1`] = `
ShallowWrapper {
  "complexSelector": ComplexSelector {
    "buildPredicate": [Function],
    "childrenOfNode": [Function],
    "findWhereUnwrapped": [Function],
  },
  "length": 1,
  "node": <View
    style={
        Object {
            "backgroundColor": "#80CBC4",
            "borderTopWidth": 1,
            "height": "10%",
            "justifyContent": "flex-start",
            "width": "100%",
          }
    }
>
    <View
        style={
            Object {
                "flex": 2,
                "flexDirection": "row",
                "justifyContent": "space-around",
              }
        }
    >
        <Button
            accessibilityLabel="Learn more about this purple button"
            color="#000"
            onPress={[Function]}
            style={
                Object {
                    "width": "20%",
                  }
            }
            title="Home"
        />
        <Button
            accessibilityLabel="Learn more about this purple button"
            color="#000"
            onPress={[Function]}
            style={
                Object {
                    "width": "20%",
                  }
            }
            title="About"
        />
        <Button
            accessibilityLabel="Learn more about this purple button"
            color="#000"
            onPress={[Function]}
            style={
                Object {
                    "width": "20%",
                  }
            }
            title="Chat"
        />
        <Button
            accessibilityLabel="Learn more about this purple button"
            color="#000"
            onPress={[Function]}
            style={
                Object {
                    "width": "20%",
                  }
            }
            title="Profile"
        />
    </View>
</View>,
  "nodes": Array [
    <View
      style={
            Object {
                  "backgroundColor": "#80CBC4",
                  "borderTopWidth": 1,
                  "height": "10%",
                  "justifyContent": "flex-start",
                  "width": "100%",
                }
      }
>
      <View
            style={
                  Object {
                        "flex": 2,
                        "flexDirection": "row",
                        "justifyContent": "space-around",
                      }
            }
      >
            <Button
                  accessibilityLabel="Learn more about this purple button"
                  color="#000"
                  onPress={[Function]}
                  style={
                        Object {
                              "width": "20%",
                            }
                  }
                  title="Home"
            />
            <Button
                  accessibilityLabel="Learn more about this purple button"
                  color="#000"
                  onPress={[Function]}
                  style={
                        Object {
                              "width": "20%",
                            }
                  }
                  title="About"
            />
            <Button
                  accessibilityLabel="Learn more about this purple button"
                  color="#000"
                  onPress={[Function]}
                  style={
                        Object {
                              "width": "20%",
                            }
                  }
                  title="Chat"
            />
            <Button
                  accessibilityLabel="Learn more about this purple button"
                  color="#000"
                  onPress={[Function]}
                  style={
                        Object {
                              "width": "20%",
                            }
                  }
                  title="Profile"
            />
      </View>
</View>,
  ],
  "options": Object {},
  "renderer": ReactShallowRenderer {
    "_instance": ShallowComponentWrapper {
      "_calledComponentWillUnmount": false,
      "_compositeType": 2,
      "_context": Object {},
      "_currentElement": <Footer />,
      "_debugID": 1,
      "_hostContainerInfo": null,
      "_hostParent": null,
      "_instance": StatelessComponent {
        "_reactInternalInstance": [Circular],
        "context": Object {},
        "props": Object {},
        "refs": Object {},
        "state": null,
        "updater": Object {
          "enqueueCallback": [Function],
          "enqueueCallbackInternal": [Function],
          "enqueueElementInternal": [Function],
          "enqueueForceUpdate": [Function],
          "enqueueReplaceState": [Function],
          "enqueueSetState": [Function],
          "isMounted": [Function],
          "validateCallback": [Function],
        },
      },
      "_mountOrder": 1,
      "_pendingCallbacks": null,
      "_pendingElement": null,
      "_pendingForceUpdate": false,
      "_pendingReplaceState": false,
      "_pendingStateQueue": null,
      "_renderedComponent": NoopInternalComponent {
        "_currentElement": <View
          style={
                    Object {
                              "backgroundColor": "#80CBC4",
                              "borderTopWidth": 1,
                              "height": "10%",
                              "justifyContent": "flex-start",
                              "width": "100%",
                            }
          }
>
          <View
                    style={
                              Object {
                                        "flex": 2,
                                        "flexDirection": "row",
                                        "justifyContent": "space-around",
                                      }
                    }
          >
                    <Button
                              accessibilityLabel="Learn more about this purple button"
                              color="#000"
                              onPress={[Function]}
                              style={
                                        Object {
                                                  "width": "20%",
                                                }
                              }
                              title="Home"
                    />
                    <Button
                              accessibilityLabel="Learn more about this purple button"
                              color="#000"
                              onPress={[Function]}
                              style={
                                        Object {
                                                  "width": "20%",
                                                }
                              }
                              title="About"
                    />
                    <Button
                              accessibilityLabel="Learn more about this purple button"
                              color="#000"
                              onPress={[Function]}
                              style={
                                        Object {
                                                  "width": "20%",
                                                }
                              }
                              title="Chat"
                    />
                    <Button
                              accessibilityLabel="Learn more about this purple button"
                              color="#000"
                              onPress={[Function]}
                              style={
                                        Object {
                                                  "width": "20%",
                                                }
                              }
                              title="Profile"
                    />
          </View>
</View>,
        "_debugID": 2,
        "_renderedOutput": <View
          style={
                    Object {
                              "backgroundColor": "#80CBC4",
                              "borderTopWidth": 1,
                              "height": "10%",
                              "justifyContent": "flex-start",
                              "width": "100%",
                            }
          }
>
          <View
                    style={
                              Object {
                                        "flex": 2,
                                        "flexDirection": "row",
                                        "justifyContent": "space-around",
                                      }
                    }
          >
                    <Button
                              accessibilityLabel="Learn more about this purple button"
                              color="#000"
                              onPress={[Function]}
                              style={
                                        Object {
                                                  "width": "20%",
                                                }
                              }
                              title="Home"
                    />
                    <Button
                              accessibilityLabel="Learn more about this purple button"
                              color="#000"
                              onPress={[Function]}
                              style={
                                        Object {
                                                  "width": "20%",
                                                }
                              }
                              title="About"
                    />
                    <Button
                              accessibilityLabel="Learn more about this purple button"
                              color="#000"
                              onPress={[Function]}
                              style={
                                        Object {
                                                  "width": "20%",
                                                }
                              }
                              title="Chat"
                    />
                    <Button
                              accessibilityLabel="Learn more about this purple button"
                              color="#000"
                              onPress={[Function]}
                              style={
                                        Object {
                                                  "width": "20%",
                                                }
                              }
                              title="Profile"
                    />
          </View>
</View>,
      },
      "_renderedNodeType": 1,
      "_rootNodeID": 0,
      "_topLevelWrapper": null,
      "_updateBatchNumber": null,
      "_warnedAboutRefsInRender": false,
    },
    "getRenderOutput": [Function],
    "render": [Function],
  },
  "root": [Circular],
  "unrendered": <Footer />,
}
`;
