// Jest Snapshot v1, https://goo.gl/fbAQLP

exports[`renders correctly 1`] = `
ShallowWrapper {
  "complexSelector": ComplexSelector {
    "buildPredicate": [Function],
    "childrenOfNode": [Function],
    "findWhereUnwrapped": [Function],
  },
  "length": 1,
  "node": <Styled(Container)
    virtual={undefined}
>
    <Styled(ViewNB)
        virtual={undefined}
    >
        <Styled(DeckSwiper)
            dataSource={
                Array [
                    Object {
                      "image": "https://media.istockphoto.com/photos/pumpkin-salad-picture-id635912088",
                      "name": "Salad Healthy",
                      "text": "Card One",
                    },
                    Object {
                      "image": "https://media.istockphoto.com/photos/delicious-benedict-eggs-picture-id610847948",
                      "name": "Mayonais",
                      "text": "Card Two",
                    },
                    Object {
                      "image": "https://media.istockphoto.com/photos/egg-benedict-toast-english-breakfast-plate-concept-picture-id483281364",
                      "name": "Selai Nanas",
                      "text": "Card Three",
                    },
                    Object {
                      "image": "https://media.istockphoto.com/photos/mushroom-cream-soup-isolated-on-white-picture-id518620350",
                      "name": "Cafe Latte",
                      "text": "Card Four",
                    },
                    Object {
                      "image": "https://media.istockphoto.com/photos/pumpkin-salad-picture-id635912088",
                      "name": "Sledri",
                      "text": "Card Five",
                    },
                  ]
            }
            renderItem={[Function]}
            virtual={undefined}
        />
    </Styled(ViewNB)>
</Styled(Container)>,
  "nodes": Array [
    <Styled(Container)
      virtual={undefined}
>
      <Styled(ViewNB)
            virtual={undefined}
      >
            <Styled(DeckSwiper)
                  dataSource={
                        Array [
                              Object {
                                "image": "https://media.istockphoto.com/photos/pumpkin-salad-picture-id635912088",
                                "name": "Salad Healthy",
                                "text": "Card One",
                              },
                              Object {
                                "image": "https://media.istockphoto.com/photos/delicious-benedict-eggs-picture-id610847948",
                                "name": "Mayonais",
                                "text": "Card Two",
                              },
                              Object {
                                "image": "https://media.istockphoto.com/photos/egg-benedict-toast-english-breakfast-plate-concept-picture-id483281364",
                                "name": "Selai Nanas",
                                "text": "Card Three",
                              },
                              Object {
                                "image": "https://media.istockphoto.com/photos/mushroom-cream-soup-isolated-on-white-picture-id518620350",
                                "name": "Cafe Latte",
                                "text": "Card Four",
                              },
                              Object {
                                "image": "https://media.istockphoto.com/photos/pumpkin-salad-picture-id635912088",
                                "name": "Sledri",
                                "text": "Card Five",
                              },
                            ]
                  }
                  renderItem={[Function]}
                  virtual={undefined}
            />
      </Styled(ViewNB)>
</Styled(Container)>,
  ],
  "options": Object {},
  "renderer": ReactShallowRenderer {
    "_instance": ShallowComponentWrapper {
      "_calledComponentWillUnmount": false,
      "_compositeType": 0,
      "_context": Object {},
      "_currentElement": <Swipper />,
      "_debugID": 1,
      "_hostContainerInfo": null,
      "_hostParent": null,
      "_instance": Swipper {
        "_reactInternalInstance": [Circular],
        "context": Object {},
        "props": Object {},
        "refs": Object {},
        "state": null,
        "updater": Object {
          "enqueueCallback": [Function],
          "enqueueCallbackInternal": [Function],
          "enqueueElementInternal": [Function],
          "enqueueForceUpdate": [Function],
          "enqueueReplaceState": [Function],
          "enqueueSetState": [Function],
          "isMounted": [Function],
          "validateCallback": [Function],
        },
      },
      "_mountOrder": 1,
      "_pendingCallbacks": null,
      "_pendingElement": null,
      "_pendingForceUpdate": false,
      "_pendingReplaceState": false,
      "_pendingStateQueue": null,
      "_renderedComponent": NoopInternalComponent {
        "_currentElement": <Styled(Container)
          virtual={undefined}
>
          <Styled(ViewNB)
                    virtual={undefined}
          >
                    <Styled(DeckSwiper)
                              dataSource={
                                        Array [
                                                  Object {
                                                    "image": "https://media.istockphoto.com/photos/pumpkin-salad-picture-id635912088",
                                                    "name": "Salad Healthy",
                                                    "text": "Card One",
                                                  },
                                                  Object {
                                                    "image": "https://media.istockphoto.com/photos/delicious-benedict-eggs-picture-id610847948",
                                                    "name": "Mayonais",
                                                    "text": "Card Two",
                                                  },
                                                  Object {
                                                    "image": "https://media.istockphoto.com/photos/egg-benedict-toast-english-breakfast-plate-concept-picture-id483281364",
                                                    "name": "Selai Nanas",
                                                    "text": "Card Three",
                                                  },
                                                  Object {
                                                    "image": "https://media.istockphoto.com/photos/mushroom-cream-soup-isolated-on-white-picture-id518620350",
                                                    "name": "Cafe Latte",
                                                    "text": "Card Four",
                                                  },
                                                  Object {
                                                    "image": "https://media.istockphoto.com/photos/pumpkin-salad-picture-id635912088",
                                                    "name": "Sledri",
                                                    "text": "Card Five",
                                                  },
                                                ]
                              }
                              renderItem={[Function]}
                              virtual={undefined}
                    />
          </Styled(ViewNB)>
</Styled(Container)>,
        "_debugID": 2,
        "_renderedOutput": <Styled(Container)
          virtual={undefined}
>
          <Styled(ViewNB)
                    virtual={undefined}
          >
                    <Styled(DeckSwiper)
                              dataSource={
                                        Array [
                                                  Object {
                                                    "image": "https://media.istockphoto.com/photos/pumpkin-salad-picture-id635912088",
                                                    "name": "Salad Healthy",
                                                    "text": "Card One",
                                                  },
                                                  Object {
                                                    "image": "https://media.istockphoto.com/photos/delicious-benedict-eggs-picture-id610847948",
                                                    "name": "Mayonais",
                                                    "text": "Card Two",
                                                  },
                                                  Object {
                                                    "image": "https://media.istockphoto.com/photos/egg-benedict-toast-english-breakfast-plate-concept-picture-id483281364",
                                                    "name": "Selai Nanas",
                                                    "text": "Card Three",
                                                  },
                                                  Object {
                                                    "image": "https://media.istockphoto.com/photos/mushroom-cream-soup-isolated-on-white-picture-id518620350",
                                                    "name": "Cafe Latte",
                                                    "text": "Card Four",
                                                  },
                                                  Object {
                                                    "image": "https://media.istockphoto.com/photos/pumpkin-salad-picture-id635912088",
                                                    "name": "Sledri",
                                                    "text": "Card Five",
                                                  },
                                                ]
                              }
                              renderItem={[Function]}
                              virtual={undefined}
                    />
          </Styled(ViewNB)>
</Styled(Container)>,
      },
      "_renderedNodeType": 1,
      "_rootNodeID": 0,
      "_topLevelWrapper": null,
      "_updateBatchNumber": null,
      "_warnedAboutRefsInRender": false,
    },
    "getRenderOutput": [Function],
    "render": [Function],
  },
  "root": [Circular],
  "unrendered": <Swipper />,
}
`;
