// Jest Snapshot v1, https://goo.gl/fbAQLP

exports[`render and match to snapshot 1`] = `
<View>
  <View
    accessibilityComponentType={undefined}
    accessibilityLabel={undefined}
    accessibilityTraits={undefined}
    accessible={true}
    hasTVPreferredFocus={undefined}
    hitSlop={undefined}
    isTVSelectable={true}
    onLayout={undefined}
    onResponderGrant={[Function]}
    onResponderMove={[Function]}
    onResponderRelease={[Function]}
    onResponderTerminate={[Function]}
    onResponderTerminationRequest={[Function]}
    onStartShouldSetResponder={[Function]}
    style={
      Array [
        Object {
          "backgroundColor": "transparent",
        },
        undefined,
      ]
    }
    testID={undefined}
    tvParallaxProperties={undefined}
  >
    <Image
      source={
        Object {
          "uri": undefined,
        }
      }
      style={
        Object {
          "height": 245.25,
          "position": "relative",
          "width": 245.25,
        }
      }
    />
  </View>
</View>
`;
