// Jest Snapshot v1, https://goo.gl/fbAQLP

exports[`testing about page renders correctly 1`] = `
ShallowWrapper {
  "complexSelector": ComplexSelector {
    "buildPredicate": [Function],
    "childrenOfNode": [Function],
    "findWhereUnwrapped": [Function],
  },
  "length": 1,
  "node": <Styled(Container)
    style={
        Object {
            "padding": 20,
          }
    }
    virtual={undefined}
>
    <Styled(Content)
        virtual={undefined}
    >
        <Styled(H1)
            style={
                Object {
                    "textAlign": "center",
                  }
            }
            virtual={undefined}
        >
            About Me
        </Styled(H1)>
        <Styled(Card)
            style={
                Object {
                    "flex": 0,
                  }
            }
            virtual={undefined}
        >
            <Styled(CardItem)
                virtual={undefined}
            >
                <Styled(Left)
                    virtual={undefined}
                >
                    <Image
                        source={
                            Object {
                                "uri": "https://media.licdn.com/mpr/mpr/shrinknp_200_200/AAEAAQAAAAAAAAoLAAAAJDMwNWY5NTViLWVkNDItNGQ2YS1iZjVjLTIzODhhY2I3ZGJlOQ.jpg",
                              }
                        }
                        style={
                            Object {
                                "borderRadius": 100,
                                "height": 60,
                                "width": 60,
                              }
                        }
                    />
                    <Styled(Body)
                        virtual={undefined}
                    >
                        <Styled(Text)
                            virtual={undefined}
                        >
                            Daily Information
                        </Styled(Text)>
                        <Styled(Text)
                            note={true}
                            virtual={undefined}
                        >
                            By: Anthony Juan
                        </Styled(Text)>
                    </Styled(Body)>
                </Styled(Left)>
            </Styled(CardItem)>
            <Styled(CardItem)
                cardBody={true}
                virtual={undefined}
            >
                <Image />
            </Styled(CardItem)>
            <Styled(CardItem)
                content={true}
                virtual={undefined}
            >
                <Styled(Text)
                    virtual={undefined}
                >
                    Aplikasi ini dibuat dengan tujuan untuk bersenang-senang, bila ada kesamaan nama pada karakter atau tokoh, itu adalah sebuah ketidak sengajaan
                </Styled(Text)>
            </Styled(CardItem)>
            <Styled(CardItem)
                style={
                    Object {
                        "justifyContent": "space-around",
                      }
                }
                virtual={undefined}
            >
                <Styled(Button)
                    className="buttonGit"
                    onPress={[Function]}
                    transparent={true}
                    virtual={undefined}
                >
                    <Image
                        source={
                            Object {
                                "uri": "http://www.techgirlz.org/wp-content/uploads/2016/12/github-logo.png",
                              }
                        }
                        style={
                            Object {
                                "borderRadius": 100,
                                "height": 30,
                                "width": 30,
                              }
                        }
                    />
                </Styled(Button)>
            </Styled(CardItem)>
        </Styled(Card)>
    </Styled(Content)>
    <Styled(Button)
        iconLeft={true}
        light={true}
        onPress={[Function]}
        virtual={undefined}
    >
        <Styled(Icon)
            name="arrow-back"
            virtual={undefined}
        />
        <Styled(Text)
            virtual={undefined}
        >
            Back
        </Styled(Text)>
    </Styled(Button)>
</Styled(Container)>,
  "nodes": Array [
    <Styled(Container)
      style={
            Object {
                  "padding": 20,
                }
      }
      virtual={undefined}
>
      <Styled(Content)
            virtual={undefined}
      >
            <Styled(H1)
                  style={
                        Object {
                              "textAlign": "center",
                            }
                  }
                  virtual={undefined}
            >
                  About Me
            </Styled(H1)>
            <Styled(Card)
                  style={
                        Object {
                              "flex": 0,
                            }
                  }
                  virtual={undefined}
            >
                  <Styled(CardItem)
                        virtual={undefined}
                  >
                        <Styled(Left)
                              virtual={undefined}
                        >
                              <Image
                                    source={
                                          Object {
                                                "uri": "https://media.licdn.com/mpr/mpr/shrinknp_200_200/AAEAAQAAAAAAAAoLAAAAJDMwNWY5NTViLWVkNDItNGQ2YS1iZjVjLTIzODhhY2I3ZGJlOQ.jpg",
                                              }
                                    }
                                    style={
                                          Object {
                                                "borderRadius": 100,
                                                "height": 60,
                                                "width": 60,
                                              }
                                    }
                              />
                              <Styled(Body)
                                    virtual={undefined}
                              >
                                    <Styled(Text)
                                          virtual={undefined}
                                    >
                                          Daily Information
                                    </Styled(Text)>
                                    <Styled(Text)
                                          note={true}
                                          virtual={undefined}
                                    >
                                          By: Anthony Juan
                                    </Styled(Text)>
                              </Styled(Body)>
                        </Styled(Left)>
                  </Styled(CardItem)>
                  <Styled(CardItem)
                        cardBody={true}
                        virtual={undefined}
                  >
                        <Image />
                  </Styled(CardItem)>
                  <Styled(CardItem)
                        content={true}
                        virtual={undefined}
                  >
                        <Styled(Text)
                              virtual={undefined}
                        >
                              Aplikasi ini dibuat dengan tujuan untuk bersenang-senang, bila ada kesamaan nama pada karakter atau tokoh, itu adalah sebuah ketidak sengajaan
                        </Styled(Text)>
                  </Styled(CardItem)>
                  <Styled(CardItem)
                        style={
                              Object {
                                    "justifyContent": "space-around",
                                  }
                        }
                        virtual={undefined}
                  >
                        <Styled(Button)
                              className="buttonGit"
                              onPress={[Function]}
                              transparent={true}
                              virtual={undefined}
                        >
                              <Image
                                    source={
                                          Object {
                                                "uri": "http://www.techgirlz.org/wp-content/uploads/2016/12/github-logo.png",
                                              }
                                    }
                                    style={
                                          Object {
                                                "borderRadius": 100,
                                                "height": 30,
                                                "width": 30,
                                              }
                                    }
                              />
                        </Styled(Button)>
                  </Styled(CardItem)>
            </Styled(Card)>
      </Styled(Content)>
      <Styled(Button)
            iconLeft={true}
            light={true}
            onPress={[Function]}
            virtual={undefined}
      >
            <Styled(Icon)
                  name="arrow-back"
                  virtual={undefined}
            />
            <Styled(Text)
                  virtual={undefined}
            >
                  Back
            </Styled(Text)>
      </Styled(Button)>
</Styled(Container)>,
  ],
  "options": Object {},
  "renderer": ReactShallowRenderer {
    "_instance": ShallowComponentWrapper {
      "_calledComponentWillUnmount": false,
      "_compositeType": 0,
      "_context": Object {},
      "_currentElement": <About />,
      "_debugID": 1,
      "_hostContainerInfo": null,
      "_hostParent": null,
      "_instance": About {
        "_reactInternalInstance": [Circular],
        "context": Object {},
        "props": Object {},
        "refs": Object {},
        "state": null,
        "updater": Object {
          "enqueueCallback": [Function],
          "enqueueCallbackInternal": [Function],
          "enqueueElementInternal": [Function],
          "enqueueForceUpdate": [Function],
          "enqueueReplaceState": [Function],
          "enqueueSetState": [Function],
          "isMounted": [Function],
          "validateCallback": [Function],
        },
      },
      "_mountOrder": 1,
      "_pendingCallbacks": null,
      "_pendingElement": null,
      "_pendingForceUpdate": false,
      "_pendingReplaceState": false,
      "_pendingStateQueue": null,
      "_renderedComponent": NoopInternalComponent {
        "_currentElement": <Styled(Container)
          style={
                    Object {
                              "padding": 20,
                            }
          }
          virtual={undefined}
>
          <Styled(Content)
                    virtual={undefined}
          >
                    <Styled(H1)
                              style={
                                        Object {
                                                  "textAlign": "center",
                                                }
                              }
                              virtual={undefined}
                    >
                              About Me
                    </Styled(H1)>
                    <Styled(Card)
                              style={
                                        Object {
                                                  "flex": 0,
                                                }
                              }
                              virtual={undefined}
                    >
                              <Styled(CardItem)
                                        virtual={undefined}
                              >
                                        <Styled(Left)
                                                  virtual={undefined}
                                        >
                                                  <Image
                                                            source={
                                                                      Object {
                                                                                "uri": "https://media.licdn.com/mpr/mpr/shrinknp_200_200/AAEAAQAAAAAAAAoLAAAAJDMwNWY5NTViLWVkNDItNGQ2YS1iZjVjLTIzODhhY2I3ZGJlOQ.jpg",
                                                                              }
                                                            }
                                                            style={
                                                                      Object {
                                                                                "borderRadius": 100,
                                                                                "height": 60,
                                                                                "width": 60,
                                                                              }
                                                            }
                                                  />
                                                  <Styled(Body)
                                                            virtual={undefined}
                                                  >
                                                            <Styled(Text)
                                                                      virtual={undefined}
                                                            >
                                                                      Daily Information
                                                            </Styled(Text)>
                                                            <Styled(Text)
                                                                      note={true}
                                                                      virtual={undefined}
                                                            >
                                                                      By: Anthony Juan
                                                            </Styled(Text)>
                                                  </Styled(Body)>
                                        </Styled(Left)>
                              </Styled(CardItem)>
                              <Styled(CardItem)
                                        cardBody={true}
                                        virtual={undefined}
                              >
                                        <Image />
                              </Styled(CardItem)>
                              <Styled(CardItem)
                                        content={true}
                                        virtual={undefined}
                              >
                                        <Styled(Text)
                                                  virtual={undefined}
                                        >
                                                  Aplikasi ini dibuat dengan tujuan untuk bersenang-senang, bila ada kesamaan nama pada karakter atau tokoh, itu adalah sebuah ketidak sengajaan
                                        </Styled(Text)>
                              </Styled(CardItem)>
                              <Styled(CardItem)
                                        style={
                                                  Object {
                                                            "justifyContent": "space-around",
                                                          }
                                        }
                                        virtual={undefined}
                              >
                                        <Styled(Button)
                                                  className="buttonGit"
                                                  onPress={[Function]}
                                                  transparent={true}
                                                  virtual={undefined}
                                        >
                                                  <Image
                                                            source={
                                                                      Object {
                                                                                "uri": "http://www.techgirlz.org/wp-content/uploads/2016/12/github-logo.png",
                                                                              }
                                                            }
                                                            style={
                                                                      Object {
                                                                                "borderRadius": 100,
                                                                                "height": 30,
                                                                                "width": 30,
                                                                              }
                                                            }
                                                  />
                                        </Styled(Button)>
                              </Styled(CardItem)>
                    </Styled(Card)>
          </Styled(Content)>
          <Styled(Button)
                    iconLeft={true}
                    light={true}
                    onPress={[Function]}
                    virtual={undefined}
          >
                    <Styled(Icon)
                              name="arrow-back"
                              virtual={undefined}
                    />
                    <Styled(Text)
                              virtual={undefined}
                    >
                              Back
                    </Styled(Text)>
          </Styled(Button)>
</Styled(Container)>,
        "_debugID": 2,
        "_renderedOutput": <Styled(Container)
          style={
                    Object {
                              "padding": 20,
                            }
          }
          virtual={undefined}
>
          <Styled(Content)
                    virtual={undefined}
          >
                    <Styled(H1)
                              style={
                                        Object {
                                                  "textAlign": "center",
                                                }
                              }
                              virtual={undefined}
                    >
                              About Me
                    </Styled(H1)>
                    <Styled(Card)
                              style={
                                        Object {
                                                  "flex": 0,
                                                }
                              }
                              virtual={undefined}
                    >
                              <Styled(CardItem)
                                        virtual={undefined}
                              >
                                        <Styled(Left)
                                                  virtual={undefined}
                                        >
                                                  <Image
                                                            source={
                                                                      Object {
                                                                                "uri": "https://media.licdn.com/mpr/mpr/shrinknp_200_200/AAEAAQAAAAAAAAoLAAAAJDMwNWY5NTViLWVkNDItNGQ2YS1iZjVjLTIzODhhY2I3ZGJlOQ.jpg",
                                                                              }
                                                            }
                                                            style={
                                                                      Object {
                                                                                "borderRadius": 100,
                                                                                "height": 60,
                                                                                "width": 60,
                                                                              }
                                                            }
                                                  />
                                                  <Styled(Body)
                                                            virtual={undefined}
                                                  >
                                                            <Styled(Text)
                                                                      virtual={undefined}
                                                            >
                                                                      Daily Information
                                                            </Styled(Text)>
                                                            <Styled(Text)
                                                                      note={true}
                                                                      virtual={undefined}
                                                            >
                                                                      By: Anthony Juan
                                                            </Styled(Text)>
                                                  </Styled(Body)>
                                        </Styled(Left)>
                              </Styled(CardItem)>
                              <Styled(CardItem)
                                        cardBody={true}
                                        virtual={undefined}
                              >
                                        <Image />
                              </Styled(CardItem)>
                              <Styled(CardItem)
                                        content={true}
                                        virtual={undefined}
                              >
                                        <Styled(Text)
                                                  virtual={undefined}
                                        >
                                                  Aplikasi ini dibuat dengan tujuan untuk bersenang-senang, bila ada kesamaan nama pada karakter atau tokoh, itu adalah sebuah ketidak sengajaan
                                        </Styled(Text)>
                              </Styled(CardItem)>
                              <Styled(CardItem)
                                        style={
                                                  Object {
                                                            "justifyContent": "space-around",
                                                          }
                                        }
                                        virtual={undefined}
                              >
                                        <Styled(Button)
                                                  className="buttonGit"
                                                  onPress={[Function]}
                                                  transparent={true}
                                                  virtual={undefined}
                                        >
                                                  <Image
                                                            source={
                                                                      Object {
                                                                                "uri": "http://www.techgirlz.org/wp-content/uploads/2016/12/github-logo.png",
                                                                              }
                                                            }
                                                            style={
                                                                      Object {
                                                                                "borderRadius": 100,
                                                                                "height": 30,
                                                                                "width": 30,
                                                                              }
                                                            }
                                                  />
                                        </Styled(Button)>
                              </Styled(CardItem)>
                    </Styled(Card)>
          </Styled(Content)>
          <Styled(Button)
                    iconLeft={true}
                    light={true}
                    onPress={[Function]}
                    virtual={undefined}
          >
                    <Styled(Icon)
                              name="arrow-back"
                              virtual={undefined}
                    />
                    <Styled(Text)
                              virtual={undefined}
                    >
                              Back
                    </Styled(Text)>
          </Styled(Button)>
</Styled(Container)>,
      },
      "_renderedNodeType": 1,
      "_rootNodeID": 0,
      "_topLevelWrapper": null,
      "_updateBatchNumber": null,
      "_warnedAboutRefsInRender": false,
    },
    "getRenderOutput": [Function],
    "render": [Function],
  },
  "root": [Circular],
  "unrendered": <About />,
}
`;
